ERROR - 2026-05-10 04:53:37 --> Error connecting to the database: mysqli_sql_exception: Connection refused in /home/carlos/Documents/roby/S4/SI/regime/system/Database/MySQLi/Connection.php:201
Stack trace:
#0 /home/carlos/Documents/roby/S4/SI/regime/system/Database/MySQLi/Connection.php(201): mysqli->real_connect()
#1 /home/carlos/Documents/roby/S4/SI/regime/system/Database/BaseConnection.php(555): CodeIgniter\Database\MySQLi\Connection->connect()
#2 /home/carlos/Documents/roby/S4/SI/regime/system/Database/BaseConnection.php(795): CodeIgniter\Database\BaseConnection->initialize()
#3 /home/carlos/Documents/roby/S4/SI/regime/system/Database/BaseBuilder.php(1649): CodeIgniter\Database\BaseConnection->query()
#4 /home/carlos/Documents/roby/S4/SI/regime/system/Validation/Rules.php(175): CodeIgniter\Database\BaseBuilder->get()
#5 /home/carlos/Documents/roby/S4/SI/regime/system/Validation/StrictRules/Rules.php(187): CodeIgniter\Validation\Rules->is_unique()
#6 /home/carlos/Documents/roby/S4/SI/regime/system/Validation/Validation.php(345): CodeIgniter\Validation\StrictRules\Rules->is_unique()
#7 /home/carlos/Documents/roby/S4/SI/regime/system/Validation/Validation.php(210): CodeIgniter\Validation\Validation->processRules()
#8 /home/carlos/Documents/roby/S4/SI/regime/system/Controller.php(136): CodeIgniter\Validation\Validation->run()
#9 /home/carlos/Documents/roby/S4/SI/regime/app/Controllers/Auth.php(132): CodeIgniter\Controller->validate()
#10 /home/carlos/Documents/roby/S4/SI/regime/system/CodeIgniter.php(951): App\Controllers\Auth->registerSubmit()
#11 /home/carlos/Documents/roby/S4/SI/regime/system/CodeIgniter.php(497): CodeIgniter\CodeIgniter->runController()
#12 /home/carlos/Documents/roby/S4/SI/regime/system/CodeIgniter.php(340): CodeIgniter\CodeIgniter->handleRequest()
#13 /home/carlos/Documents/roby/S4/SI/regime/system/Boot.php(417): CodeIgniter\CodeIgniter->run()
#14 /home/carlos/Documents/roby/S4/SI/regime/system/Boot.php(68): CodeIgniter\Boot::runCodeIgniter()
#15 /home/carlos/Documents/roby/S4/SI/regime/public/index.php(59): CodeIgniter\Boot::bootWeb()
#16 {main}

Next CodeIgniter\Database\Exceptions\DatabaseException: Connection refused in /home/carlos/Documents/roby/S4/SI/regime/system/Database/MySQLi/Connection.php:231
Stack trace:
#0 /home/carlos/Documents/roby/S4/SI/regime/system/Database/BaseConnection.php(555): CodeIgniter\Database\MySQLi\Connection->connect()
#1 /home/carlos/Documents/roby/S4/SI/regime/system/Database/BaseConnection.php(795): CodeIgniter\Database\BaseConnection->initialize()
#2 /home/carlos/Documents/roby/S4/SI/regime/system/Database/BaseBuilder.php(1649): CodeIgniter\Database\BaseConnection->query()
#3 /home/carlos/Documents/roby/S4/SI/regime/system/Validation/Rules.php(175): CodeIgniter\Database\BaseBuilder->get()
#4 /home/carlos/Documents/roby/S4/SI/regime/system/Validation/StrictRules/Rules.php(187): CodeIgniter\Validation\Rules->is_unique()
#5 /home/carlos/Documents/roby/S4/SI/regime/system/Validation/Validation.php(345): CodeIgniter\Validation\StrictRules\Rules->is_unique()
#6 /home/carlos/Documents/roby/S4/SI/regime/system/Validation/Validation.php(210): CodeIgniter\Validation\Validation->processRules()
#7 /home/carlos/Documents/roby/S4/SI/regime/system/Controller.php(136): CodeIgniter\Validation\Validation->run()
#8 /home/carlos/Documents/roby/S4/SI/regime/app/Controllers/Auth.php(132): CodeIgniter\Controller->validate()
#9 /home/carlos/Documents/roby/S4/SI/regime/system/CodeIgniter.php(951): App\Controllers\Auth->registerSubmit()
#10 /home/carlos/Documents/roby/S4/SI/regime/system/CodeIgniter.php(497): CodeIgniter\CodeIgniter->runController()
#11 /home/carlos/Documents/roby/S4/SI/regime/system/CodeIgniter.php(340): CodeIgniter\CodeIgniter->handleRequest()
#12 /home/carlos/Documents/roby/S4/SI/regime/system/Boot.php(417): CodeIgniter\CodeIgniter->run()
#13 /home/carlos/Documents/roby/S4/SI/regime/system/Boot.php(68): CodeIgniter\Boot::runCodeIgniter()
#14 /home/carlos/Documents/roby/S4/SI/regime/public/index.php(59): CodeIgniter\Boot::bootWeb()
#15 {main}
CRITICAL - 2026-05-10 04:53:37 --> CodeIgniter\Database\Exceptions\DatabaseException: Unable to connect to the database.
Main connection [MySQLi]: Connection refused
[Method: POST, Route: auth/register]
in SYSTEMPATH/Database/BaseConnection.php on line 606.
 1 SYSTEMPATH/Database/BaseConnection.php(795): CodeIgniter\Database\BaseConnection->initialize()
 2 SYSTEMPATH/Database/BaseBuilder.php(1649): CodeIgniter\Database\BaseConnection->query()
 3 SYSTEMPATH/Validation/Rules.php(175): CodeIgniter\Database\BaseBuilder->get()
 4 SYSTEMPATH/Validation/StrictRules/Rules.php(187): CodeIgniter\Validation\Rules->is_unique()
 5 SYSTEMPATH/Validation/Validation.php(345): CodeIgniter\Validation\StrictRules\Rules->is_unique()
 6 SYSTEMPATH/Validation/Validation.php(210): CodeIgniter\Validation\Validation->processRules()
 7 SYSTEMPATH/Controller.php(136): CodeIgniter\Validation\Validation->run()
 8 APPPATH/Controllers/Auth.php(132): CodeIgniter\Controller->validate()
 9 SYSTEMPATH/CodeIgniter.php(951): App\Controllers\Auth->registerSubmit()
10 SYSTEMPATH/CodeIgniter.php(497): CodeIgniter\CodeIgniter->runController()
11 SYSTEMPATH/CodeIgniter.php(340): CodeIgniter\CodeIgniter->handleRequest()
12 SYSTEMPATH/Boot.php(417): CodeIgniter\CodeIgniter->run()
13 SYSTEMPATH/Boot.php(68): CodeIgniter\Boot::runCodeIgniter()
14 FCPATH/index.php(59): CodeIgniter\Boot::bootWeb()
CRITICAL - 2026-05-10 12:00:30 --> ParseError: Unmatched '}'
[Method: GET, Route: admin/dashboard]
in APPPATH/Models/RegimeModel.php on line 106.
 1 SYSTEMPATH/Autoloader/Autoloader.php(295): CodeIgniter\Autoloader\Autoloader->includeFile()
 2 SYSTEMPATH/Autoloader/Autoloader.php(271): CodeIgniter\Autoloader\Autoloader->loadInNamespace()
 3 APPPATH/Controllers/AdminDashboardController.php(23): CodeIgniter\Autoloader\Autoloader->loadClass()
 4 SYSTEMPATH/CodeIgniter.php(951): App\Controllers\AdminDashboardController->index()
 5 SYSTEMPATH/CodeIgniter.php(497): CodeIgniter\CodeIgniter->runController()
 6 SYSTEMPATH/CodeIgniter.php(340): CodeIgniter\CodeIgniter->handleRequest()
 7 SYSTEMPATH/Boot.php(417): CodeIgniter\CodeIgniter->run()
 8 SYSTEMPATH/Boot.php(68): CodeIgniter\Boot::runCodeIgniter()
 9 FCPATH/index.php(59): CodeIgniter\Boot::bootWeb()
CRITICAL - 2026-05-10 12:07:50 --> ParseError: Unmatched '}'
[Method: GET, Route: recommendation]
in APPPATH/Models/RegimeModel.php on line 106.
 1 SYSTEMPATH/Autoloader/Autoloader.php(295): CodeIgniter\Autoloader\Autoloader->includeFile()
 2 SYSTEMPATH/Autoloader/Autoloader.php(271): CodeIgniter\Autoloader\Autoloader->loadInNamespace()
 3 APPPATH/Controllers/RecommendationController.php(90): CodeIgniter\Autoloader\Autoloader->loadClass()
 4 SYSTEMPATH/CodeIgniter.php(951): App\Controllers\RecommendationController->index()
 5 SYSTEMPATH/CodeIgniter.php(497): CodeIgniter\CodeIgniter->runController()
 6 SYSTEMPATH/CodeIgniter.php(340): CodeIgniter\CodeIgniter->handleRequest()
 7 SYSTEMPATH/Boot.php(417): CodeIgniter\CodeIgniter->run()
 8 SYSTEMPATH/Boot.php(68): CodeIgniter\Boot::runCodeIgniter()
 9 FCPATH/index.php(59): CodeIgniter\Boot::bootWeb()
CRITICAL - 2026-05-10 12:08:22 --> ParseError: Unmatched '}'
[Method: GET, Route: admin/dashboard]
in APPPATH/Models/RegimeModel.php on line 106.
 1 SYSTEMPATH/Autoloader/Autoloader.php(295): CodeIgniter\Autoloader\Autoloader->includeFile()
 2 SYSTEMPATH/Autoloader/Autoloader.php(271): CodeIgniter\Autoloader\Autoloader->loadInNamespace()
 3 APPPATH/Controllers/AdminDashboardController.php(23): CodeIgniter\Autoloader\Autoloader->loadClass()
 4 SYSTEMPATH/CodeIgniter.php(951): App\Controllers\AdminDashboardController->index()
 5 SYSTEMPATH/CodeIgniter.php(497): CodeIgniter\CodeIgniter->runController()
 6 SYSTEMPATH/CodeIgniter.php(340): CodeIgniter\CodeIgniter->handleRequest()
 7 SYSTEMPATH/Boot.php(417): CodeIgniter\CodeIgniter->run()
 8 SYSTEMPATH/Boot.php(68): CodeIgniter\Boot::runCodeIgniter()
 9 FCPATH/index.php(59): CodeIgniter\Boot::bootWeb()
ERROR - 2026-05-10 12:43:58 --> Unknown column 'type_transaction' in 'field list'
in SYSTEMPATH/Database/MySQLi/Connection.php on line 300.
 1 SYSTEMPATH/Database/MySQLi/Connection.php(300): mysqli->query()
 2 SYSTEMPATH/Database/BaseConnection.php(910): CodeIgniter\Database\MySQLi\Connection->execute()
 3 SYSTEMPATH/Database/BaseConnection.php(827): CodeIgniter\Database\BaseConnection->simpleQuery()
 4 SYSTEMPATH/Database/BaseBuilder.php(2345): CodeIgniter\Database\BaseConnection->query()
 5 SYSTEMPATH/Model.php(355): CodeIgniter\Database\BaseBuilder->insert()
 6 SYSTEMPATH/BaseModel.php(899): CodeIgniter\Model->doInsert()
 7 SYSTEMPATH/Model.php(668): CodeIgniter\BaseModel->insert()
 8 APPPATH/Controllers/AbonnementController.php(61): CodeIgniter\Model->insert()
 9 SYSTEMPATH/CodeIgniter.php(951): App\Controllers\AbonnementController->acheterGold()
10 SYSTEMPATH/CodeIgniter.php(497): CodeIgniter\CodeIgniter->runController()
11 SYSTEMPATH/CodeIgniter.php(340): CodeIgniter\CodeIgniter->handleRequest()
12 SYSTEMPATH/Boot.php(417): CodeIgniter\CodeIgniter->run()
13 SYSTEMPATH/Boot.php(68): CodeIgniter\Boot::runCodeIgniter()
14 FCPATH/index.php(59): CodeIgniter\Boot::bootWeb()
CRITICAL - 2026-05-10 12:43:58 --> CodeIgniter\Database\Exceptions\DatabaseException: Unknown column 'type_transaction' in 'field list'
[Method: POST, Route: subscription/gold]
in SYSTEMPATH/Database/BaseConnection.php on line 865.
 1 SYSTEMPATH/Database/BaseBuilder.php(2345): CodeIgniter\Database\BaseConnection->query()
 2 SYSTEMPATH/Model.php(355): CodeIgniter\Database\BaseBuilder->insert()
 3 SYSTEMPATH/BaseModel.php(899): CodeIgniter\Model->doInsert()
 4 SYSTEMPATH/Model.php(668): CodeIgniter\BaseModel->insert()
 5 APPPATH/Controllers/AbonnementController.php(61): CodeIgniter\Model->insert()
 6 SYSTEMPATH/CodeIgniter.php(951): App\Controllers\AbonnementController->acheterGold()
 7 SYSTEMPATH/CodeIgniter.php(497): CodeIgniter\CodeIgniter->runController()
 8 SYSTEMPATH/CodeIgniter.php(340): CodeIgniter\CodeIgniter->handleRequest()
 9 SYSTEMPATH/Boot.php(417): CodeIgniter\CodeIgniter->run()
10 SYSTEMPATH/Boot.php(68): CodeIgniter\Boot::runCodeIgniter()
11 FCPATH/index.php(59): CodeIgniter\Boot::bootWeb()
CRITICAL - 2026-05-10 12:43:58 --> [Caused by] CodeIgniter\Database\Exceptions\DatabaseException: Unknown column 'type_transaction' in 'field list'
in SYSTEMPATH/Database/MySQLi/Connection.php on line 310.
 1 SYSTEMPATH/Database/BaseConnection.php(910): CodeIgniter\Database\MySQLi\Connection->execute()
 2 SYSTEMPATH/Database/BaseConnection.php(827): CodeIgniter\Database\BaseConnection->simpleQuery()
 3 SYSTEMPATH/Database/BaseBuilder.php(2345): CodeIgniter\Database\BaseConnection->query()
 4 SYSTEMPATH/Model.php(355): CodeIgniter\Database\BaseBuilder->insert()
 5 SYSTEMPATH/BaseModel.php(899): CodeIgniter\Model->doInsert()
 6 SYSTEMPATH/Model.php(668): CodeIgniter\BaseModel->insert()
 7 APPPATH/Controllers/AbonnementController.php(61): CodeIgniter\Model->insert()
 8 SYSTEMPATH/CodeIgniter.php(951): App\Controllers\AbonnementController->acheterGold()
 9 SYSTEMPATH/CodeIgniter.php(497): CodeIgniter\CodeIgniter->runController()
10 SYSTEMPATH/CodeIgniter.php(340): CodeIgniter\CodeIgniter->handleRequest()
11 SYSTEMPATH/Boot.php(417): CodeIgniter\CodeIgniter->run()
12 SYSTEMPATH/Boot.php(68): CodeIgniter\Boot::runCodeIgniter()
13 FCPATH/index.php(59): CodeIgniter\Boot::bootWeb()
CRITICAL - 2026-05-10 12:43:58 --> [Caused by] mysqli_sql_exception: Unknown column 'type_transaction' in 'field list'
in SYSTEMPATH/Database/MySQLi/Connection.php on line 300.
 1 SYSTEMPATH/Database/MySQLi/Connection.php(300): mysqli->query()
 2 SYSTEMPATH/Database/BaseConnection.php(910): CodeIgniter\Database\MySQLi\Connection->execute()
 3 SYSTEMPATH/Database/BaseConnection.php(827): CodeIgniter\Database\BaseConnection->simpleQuery()
 4 SYSTEMPATH/Database/BaseBuilder.php(2345): CodeIgniter\Database\BaseConnection->query()
 5 SYSTEMPATH/Model.php(355): CodeIgniter\Database\BaseBuilder->insert()
 6 SYSTEMPATH/BaseModel.php(899): CodeIgniter\Model->doInsert()
 7 SYSTEMPATH/Model.php(668): CodeIgniter\BaseModel->insert()
 8 APPPATH/Controllers/AbonnementController.php(61): CodeIgniter\Model->insert()
 9 SYSTEMPATH/CodeIgniter.php(951): App\Controllers\AbonnementController->acheterGold()
10 SYSTEMPATH/CodeIgniter.php(497): CodeIgniter\CodeIgniter->runController()
11 SYSTEMPATH/CodeIgniter.php(340): CodeIgniter\CodeIgniter->handleRequest()
12 SYSTEMPATH/Boot.php(417): CodeIgniter\CodeIgniter->run()
13 SYSTEMPATH/Boot.php(68): CodeIgniter\Boot::runCodeIgniter()
14 FCPATH/index.php(59): CodeIgniter\Boot::bootWeb()
