CRITICAL - 2026-05-11 05:17:41 --> TypeError: CodeIgniter\Database\BaseBuilder::setBind(): Argument #1 ($key) must be of type string, int given, called in /opt/lampp/htdocs/S4/regime/system/Database/BaseBuilder.php on line 1575
[Method: POST, Route: subscription/gold]
in SYSTEMPATH/Database/BaseBuilder.php on line 3528.
 1 SYSTEMPATH/Database/BaseBuilder.php(1575): CodeIgniter\Database\BaseBuilder->setBind()
 2 SYSTEMPATH/Model.php(326): CodeIgniter\Database\BaseBuilder->set()
 3 SYSTEMPATH/BaseModel.php(899): CodeIgniter\Model->doInsert()
 4 SYSTEMPATH/Model.php(668): CodeIgniter\BaseModel->insert()
 5 APPPATH/Controllers/AbonnementController.php(61): CodeIgniter\Model->insert()
 6 SYSTEMPATH/CodeIgniter.php(951): App\Controllers\AbonnementController->acheterGold()
 7 SYSTEMPATH/CodeIgniter.php(497): CodeIgniter\CodeIgniter->runController()
 8 SYSTEMPATH/CodeIgniter.php(340): CodeIgniter\CodeIgniter->handleRequest()
 9 SYSTEMPATH/Boot.php(417): CodeIgniter\CodeIgniter->run()
10 SYSTEMPATH/Boot.php(68): CodeIgniter\Boot::runCodeIgniter()
11 FCPATH/index.php(59): CodeIgniter\Boot::bootWeb()
CRITICAL - 2026-05-11 05:18:07 --> TypeError: CodeIgniter\Database\BaseBuilder::setBind(): Argument #1 ($key) must be of type string, int given, called in /opt/lampp/htdocs/S4/regime/system/Database/BaseBuilder.php on line 1575
[Method: POST, Route: subscription/gold]
in SYSTEMPATH/Database/BaseBuilder.php on line 3528.
 1 SYSTEMPATH/Database/BaseBuilder.php(1575): CodeIgniter\Database\BaseBuilder->setBind()
 2 SYSTEMPATH/Model.php(326): CodeIgniter\Database\BaseBuilder->set()
 3 SYSTEMPATH/BaseModel.php(899): CodeIgniter\Model->doInsert()
 4 SYSTEMPATH/Model.php(668): CodeIgniter\BaseModel->insert()
 5 APPPATH/Controllers/AbonnementController.php(61): CodeIgniter\Model->insert()
 6 SYSTEMPATH/CodeIgniter.php(951): App\Controllers\AbonnementController->acheterGold()
 7 SYSTEMPATH/CodeIgniter.php(497): CodeIgniter\CodeIgniter->runController()
 8 SYSTEMPATH/CodeIgniter.php(340): CodeIgniter\CodeIgniter->handleRequest()
 9 SYSTEMPATH/Boot.php(417): CodeIgniter\CodeIgniter->run()
10 SYSTEMPATH/Boot.php(68): CodeIgniter\Boot::runCodeIgniter()
11 FCPATH/index.php(59): CodeIgniter\Boot::bootWeb()
